
 -----------------------------------------------
              Py_RESP Version 1.0
 -----------------------------------------------
 *Generated by PyRESP GEN v1.0 1st*
 -----------------------------------------------

 ------------------
 Control Parameters
 ------------------
 nmol        = 1   iqopt       = 1
 ihfree      = 1   irstrnt     = 1
 ioutopt     = 1   ireornt     = 0
 iquad       = 1   qwt         = 0.00050000

 --------------------
 Molecule Information
 --------------------
 Single-molecule run

 Molecule 1 weight:     1.000 
 Molecule 1 name: CH3SCH3             
 Total charge (ich):  0
 Number of centers:  9
    1    6    0
    2    1    0
    3    1    0
    4    1    0
    5   16    0
    6    6    1
    7    1    0
    8    1    0
    9    1    0

 -----------------------------
 Atom Ivary Information
 -----------------------------
    6    0
    1    0
    1    0
    1    0
   16    0
    6    1
    1    0
    1    0
    1    0

 -------------------------
 Input Information Summary
 -------------------------
 Total number of atoms      =    9
 Weight factor on initial charge restraints=  0.000500
 There are  1 charge constraints

 --------------------------------------
 Atomic and ESP Coordinates Information
 --------------------------------------
 Reading esp's for molecule   1
 total number of atoms      =     9
 total number of esp points =  3780

 center       X               Y               Z
    1  -2.5734232E+00  -9.7470177E-01  -1.0960411E-04
    2  -4.3346818E+00   1.0027453E-01  -1.9086232E-04
    3  -2.5298480E+00  -2.1626667E+00  -1.6893205E+00
    4  -2.5299954E+00  -2.1626497E+00   1.6891183E+00
    5   0.0000000E+00   1.2591566E+00  -1.1338356E-05
    6   2.5734232E+00  -9.7470177E-01   1.2661164E-04
    7   4.3346818E+00   1.0027453E-01   2.0598013E-04
    8   2.5298404E+00  -2.1626497E+00   1.6893489E+00
    9   2.5300029E+00  -2.1626667E+00  -1.6890881E+00


 ------------------------
 Optimization Information
 ------------------------
 iqopt=1, all q0 values will be set to 0

 Number of unique UNfrozen charge centers =     8

 Non-linear optimization requested.
  qchnge =    6.7379553478E-02
  qchnge =    1.4434168821E-03
  qchnge =    6.7200718992E-05
  qchnge =    3.1975193761E-06
  qchnge =    1.5227677826E-07

 Convergence in    4 iterations

 -----------------------
 Fitting Results Summary
 -----------------------
 molecule 1: CH3SCH3             

          Point Charges Before & After Optimization
 atm.no   element.no   q(init)        q(opt)     ivary    d(rstr)/dq
    1         6        0.000000     -0.326009      0       0.001466
    2         1        0.000000      0.154505      0       0.000000
    3         1        0.000000      0.127761      0       0.000000
    4         1        0.000000      0.127760      0       0.000000
    5        16        0.000000     -0.167766      0       0.002560
    6         6        0.000000     -0.326009      1       0.001466
    7         1        0.000000      0.154759      0       0.000000
    8         1        0.000000      0.127500      0       0.000000
    9         1        0.000000      0.127499      0       0.000000

 Sum over the calculated charges:     -0.000

 --------------------------
 Fitting Statistics Summary
 --------------------------
 The initial sum of squares  (ssvpot = sum_i(espi**2))          3.9310854E-01
 The residual sum of squares (RSS = sum_i((espi-espclci)**2))   4.1334912E-02
 The root-mean-squared error (RMSE = sqrt(RSS/N))               3.3068356E-03
 The relative RMSE           (RRMSE = sqrt(RSS/ssvpot))         3.2426664E-01

 ---------------------------
 Molecular Multipole Summary
 ---------------------------
 Dipole Moments (Debye):
 #MOL         D          Dx         Dy         Dz
   1        1.64907   -0.00056   -1.64907    0.00002

 Traceless Quadrupole Moments (Debye*Angst.):
 #MOL          X          Y          Z
   1    X    2.94063
        Y    0.00399   -1.43758
        Z    0.00021   -0.00000   -1.50305

 Traceless Quadrupole Moments in Principal Axes (Debye*Angst.):
 #MOL          X          Y          Z
   1    X    2.94064
        Y    0.00000   -1.43759
        Z    0.00000    0.00000   -1.50305