
 -----------------------------------------------
              Py_RESP Version 1.0
 -----------------------------------------------
 *Generated by PyRESP GEN v1.0 2nd*
 -----------------------------------------------

 ------------------
 Control Parameters
 ------------------
 nmol        = 1   iqopt       = 2
 ihfree      = 1   irstrnt     = 1
 ioutopt     = 1   ireornt     = 0
 iquad       = 1   qwt         = 0.00100000

 --------------------
 Molecule Information
 --------------------
 Single-molecule run

 Molecule 1 weight:     1.000 
 Molecule 1 name: CH3SCH3             
 Total charge (ich):  0
 Number of centers:  9
    1    6    0
    2    1    0
    3    1    2
    4    1    2
    5   16   -1
    6    6    1
    7    1    2
    8    1    2
    9    1    2

 -----------------------------
 Atom Ivary Information
 -----------------------------
    6    0
    1    0
    1    2
    1    2
   16   -1
    6    1
    1    2
    1    2
    1    2

 -------------------------
 Input Information Summary
 -------------------------
 Total number of atoms      =    9
 Weight factor on initial charge restraints=  0.001000
 There are  1 charge constraints

 --------------------------------------
 Atomic and ESP Coordinates Information
 --------------------------------------
 Reading esp's for molecule   1
 total number of atoms      =     9
 total number of esp points =  3780

 center       X               Y               Z
    1  -2.5734232E+00  -9.7470177E-01  -1.0960411E-04
    2  -4.3346818E+00   1.0027453E-01  -1.9086232E-04
    3  -2.5298480E+00  -2.1626667E+00  -1.6893205E+00
    4  -2.5299954E+00  -2.1626497E+00   1.6891183E+00
    5   0.0000000E+00   1.2591566E+00  -1.1338356E-05
    6   2.5734232E+00  -9.7470177E-01   1.2661164E-04
    7   4.3346818E+00   1.0027453E-01   2.0598013E-04
    8   2.5298404E+00  -2.1626497E+00   1.6893489E+00
    9   2.5300029E+00  -2.1626667E+00  -1.6890881E+00


 ------------------------
 Optimization Information
 ------------------------
 Since iqopt>1,    9 new q0 values will be read from file
 1st.chg

 Number of unique UNfrozen charge centers =     2

 Non-linear optimization requested.
  qchnge =    5.8424765898E-02
  qchnge =    5.4908495289E-04
  qchnge =    4.9907999485E-06
  qchnge =    4.5770377116E-08

 Convergence in    3 iterations

 -----------------------
 Fitting Results Summary
 -----------------------
 molecule 1: CH3SCH3             

          Point Charges Before & After Optimization
 atm.no   element.no   q(init)        q(opt)     ivary    d(rstr)/dq
    1         6       -0.326009     -0.278977      0       0.003374
    2         1        0.154505      0.120953      0       0.000000
    3         1        0.127761      0.120953      2       0.000000
    4         1        0.127760      0.120953      2       0.000000
    5        16       -0.167766     -0.167766     -1       0.005120
    6         6       -0.326009     -0.278977      1       0.003374
    7         1        0.154759      0.120953      2       0.000000
    8         1        0.127500      0.120953      2       0.000000
    9         1        0.127499      0.120953      2       0.000000

 Sum over the calculated charges:     -0.000

 --------------------------
 Fitting Statistics Summary
 --------------------------
 The initial sum of squares  (ssvpot = sum_i(espi**2))          3.9310854E-01
 The residual sum of squares (RSS = sum_i((espi-espclci)**2))   4.6929142E-02
 The root-mean-squared error (RMSE = sqrt(RSS/N))               3.5235092E-03
 The relative RMSE           (RRMSE = sqrt(RSS/ssvpot))         3.4551354E-01

 ---------------------------
 Molecular Multipole Summary
 ---------------------------
 Dipole Moments (Debye):
 #MOL         D          Dx         Dy         Dz
   1        1.75247   -0.00000   -1.75247    0.00002

 Traceless Quadrupole Moments (Debye*Angst.):
 #MOL          X          Y          Z
   1    X    2.26149
        Y    0.00000   -1.07112
        Z    0.00016   -0.00000   -1.19037

 Traceless Quadrupole Moments in Principal Axes (Debye*Angst.):
 #MOL          X          Y          Z
   1    X    2.26149
        Y    0.00000   -1.07112
        Z    0.00000    0.00000   -1.19037