
Welcome to antechamber 22.0: molecular input file processor.

Info: The atom type is set to gaff; the options available to the -at flag are
      gaff, gaff2, amber, bcc, and sybyl.




Running command: respgen -i ESPGEN.TMP -o RESPIN1 -l 20 -f resp1 ...
Running command: respgen -i ESPGEN.TMP -o RESPIN2 -l 20 -f resp2 ...

